Traceback (most recent call last):
  File "/usr/share/miniconda3/envs/geosmart/lib/python3.10/site-packages/jupyter_cache/executors/utils.py", line 51, in single_nb_execution
    executenb(
  File "/usr/share/miniconda3/envs/geosmart/lib/python3.10/site-packages/nbclient/client.py", line 1204, in execute
    return NotebookClient(nb=nb, resources=resources, km=km, **kwargs).execute()
  File "/usr/share/miniconda3/envs/geosmart/lib/python3.10/site-packages/nbclient/util.py", line 84, in wrapped
    return just_run(coro(*args, **kwargs))
  File "/usr/share/miniconda3/envs/geosmart/lib/python3.10/site-packages/nbclient/util.py", line 62, in just_run
    return loop.run_until_complete(coro)
  File "/usr/share/miniconda3/envs/geosmart/lib/python3.10/asyncio/base_events.py", line 646, in run_until_complete
    return future.result()
  File "/usr/share/miniconda3/envs/geosmart/lib/python3.10/site-packages/nbclient/client.py", line 663, in async_execute
    await self.async_execute_cell(
  File "/usr/share/miniconda3/envs/geosmart/lib/python3.10/site-packages/nbclient/client.py", line 965, in async_execute_cell
    await self._check_raise_for_error(cell, cell_index, exec_reply)
  File "/usr/share/miniconda3/envs/geosmart/lib/python3.10/site-packages/nbclient/client.py", line 862, in _check_raise_for_error
    raise CellExecutionError.from_cell_and_msg(cell, exec_reply_content)
nbclient.exceptions.CellExecutionError: An error occurred while executing the following cell:
------------------
from huggingface_hub import hf_hub_download

repo_id = "geosmart/scm_geosmart_use_case"
raster_file = "data/planet/20180528_181110_1025_3B_AnalyticMS_SR_clip.tif"
sample_100k_file = "./data/samples/sample_100K.csv"
cache_dir = "."

dir_raster = hf_hub_download(repo_id=repo_id, filename=raster_file, cache_dir=cache_dir, repo_type="dataset")
dir_sample_100k = hf_hub_download(repo_id=repo_id, filename=sample_100k_file, cache_dir=cache_dir, repo_type="dataset")

------------------

[0;31m---------------------------------------------------------------------------[0m
[0;31mModuleNotFoundError[0m                       Traceback (most recent call last)
Input [0;32mIn [1][0m, in [0;36m<cell line: 1>[0;34m()[0m
[0;32m----> 1[0m [38;5;28;01mfrom[39;00m [38;5;21;01mhuggingface_hub[39;00m [38;5;28;01mimport[39;00m hf_hub_download
[1;32m      3[0m repo_id [38;5;241m=[39m [38;5;124m"[39m[38;5;124mgeosmart/scm_geosmart_use_case[39m[38;5;124m"[39m
[1;32m      4[0m raster_file [38;5;241m=[39m [38;5;124m"[39m[38;5;124mdata/planet/20180528_181110_1025_3B_AnalyticMS_SR_clip.tif[39m[38;5;124m"[39m

[0;31mModuleNotFoundError[0m: No module named 'huggingface_hub'
ModuleNotFoundError: No module named 'huggingface_hub'

